
real	80m49.581s
user	311m1.986s
sys	1m4.480s

real	215m7.739s
user	504m38.508s
sys	1m6.268s
