

Begin Program...
Defining logger
isolation_asejob0
(1.5700768091647967, array([ 1.14392937,  0.        ,  1.02417324, -1.07254954,  0.        ,  0.47314336,  1.31091995,  0.        , -0.47858085,  0.79361569,  0.        ,  1.37458286, -0.79361569,
        0.        ,  1.37458286, -1.1875413 ,  0.        , -0.69227903, -0.19475848,  0.        ,  0.33733171, -1.97046709,  0.        ,  0.        , -0.98523465,  0.        ,
       -1.70647708,  0.98523465,  0.        , -1.70647708,  1.97046709,  0.        ,  0.        ]))
